2026-09-22 23:06:18,257 P193 INFO {
    "model_name": "LSTM",
    "use_attention": false,
    "hidden_size": 128,
    "num_layers": 2,
    "num_directions": 2,
    "embedding_dim": 32,
    "dataset": "HDFS",
    "data_dir": "../data/processed/HDFS/hdfs_wo_label/hdfs_0.0_tar_plus_new_aug_0.001",
    "window_size": 10,
    "stride": 1,
    "feature_type": "sequentials",
    "label_type": "next_log",
    "use_tfidf": false,
    "max_token_len": 50,
    "min_token_count": 1,
    "epoches": 100,
    "batch_size": 1024,
    "learning_rate": 0.01,
    "topk": 10,
    "patience": 3,
    "random_seed": 42,
    "gpu": 0,
    "hash_id": "24cc32be"
}
2026-09-22 23:06:20,006 P193 INFO Load from ../data/processed/HDFS/hdfs_wo_label/hdfs_0.0_tar_plus_new_aug_0.001
2026-09-22 23:06:20,006 P193 INFO {
    "aug_label_file": "/Users/ira/Desktop/tosem_anomlygen/TOSEM-2026-0301.R2_cover_letter/deeploglizer_prep/x2_wo_label/hdfs_block_labels.csv",
    "aug_log_file": "/Users/ira/Desktop/tosem_anomlygen/TOSEM-2026-0301.R2_cover_letter/deeploglizer_prep/x2_wo_label/hdfs_combined_parsed_logs.csv",
    "aug_ratio_vs_base": 0.001,
    "augmentation_added": true,
    "final_train_size": 447109,
    "original_train_size": 446663,
    "seed": 42,
    "source_dataset": "/Users/ira/Desktop/tosem_anomlygen/AnomalyGen-main/deep-loglizer/data/processed/HDFS/hdfs_0.0_tar",
    "train_anomaly_ratio_for_aug": 0.0
}
2026-09-22 23:06:20,006 P193 INFO # train sessions 447109 (0.00 anomalies)
2026-09-22 23:06:20,006 P193 INFO # test sessions 115012 (0.03 anomalies)
2026-09-22 23:06:20,007 P193 INFO Cannot load cached feature extractor.
2026-09-22 23:06:20,133 P193 INFO 160 tempaltes are found.
2026-09-22 23:06:20,143 P193 INFO Transforming train data.
2026-09-22 23:06:25,344 P193 INFO 4693385 sliding windows generated.
2026-09-22 23:06:31,159 P193 INFO Finish feature extraction (train).
2026-09-22 23:06:31,162 P193 INFO Transforming test data.
2026-09-22 23:06:31,190 P193 INFO 10 new templates show while testing.
2026-09-22 23:06:31,819 P193 INFO 1206665 sliding windows generated.
2026-09-22 23:06:33,232 P193 INFO Finish feature extraction (test).
2026-09-22 23:06:34,657 P193 INFO Start training on 4584 batches with mps.
2026-09-22 23:08:39,662 P193 INFO Epoch 1/100, training loss: 0.18862 [125.00s]
2026-09-22 23:08:39,662 P193 INFO Evaluating test data.
2026-09-22 23:08:53,757 P193 INFO Finish inference. [14.09s]
2026-09-22 23:08:57,691 P193 INFO Calculating acc sum.
2026-09-22 23:08:57,741 P193 INFO Finish generating store_df.
2026-09-22 23:08:57,837 P193 INFO {'f1': '0.166', 'rc': '1.000', 'pc': '0.090', 'top1-acc': '0.970'}
2026-09-22 23:08:57,854 P193 INFO {'f1': '0.236', 'rc': '0.983', 'pc': '0.134', 'top2-acc': '0.970'}
2026-09-22 23:08:57,870 P193 INFO {'f1': '0.345', 'rc': '0.809', 'pc': '0.219', 'top3-acc': '0.970'}
2026-09-22 23:08:57,886 P193 INFO {'f1': '0.819', 'rc': '0.774', 'pc': '0.868', 'top4-acc': '0.970'}
2026-09-22 23:08:57,901 P193 INFO {'f1': '0.808', 'rc': '0.703', 'pc': '0.951', 'top5-acc': '0.970'}
2026-09-22 23:08:57,916 P193 INFO {'f1': '0.785', 'rc': '0.657', 'pc': '0.975', 'top6-acc': '0.970'}
2026-09-22 23:08:57,932 P193 INFO {'f1': '0.723', 'rc': '0.570', 'pc': '0.987', 'top7-acc': '0.970'}
2026-09-22 23:08:57,947 P193 INFO {'f1': '0.698', 'rc': '0.539', 'pc': '0.990', 'top8-acc': '0.970'}
2026-09-22 23:08:57,964 P193 INFO {'f1': '0.660', 'rc': '0.494', 'pc': '0.992', 'top9-acc': '0.970'}
2026-09-22 23:08:57,980 P193 INFO {'f1': '0.650', 'rc': '0.483', 'pc': '0.994', 'top10-acc': '0.970'}
2026-09-22 23:08:57,981 P193 INFO Finish counting [3.16s]
2026-09-22 23:08:58,100 P193 INFO Saving model to ./experiment_records/24cc32be/model.ckpt
2026-09-22 23:11:05,448 P193 INFO Epoch 2/100, training loss: 0.17388 [127.34s]
2026-09-22 23:11:05,451 P193 INFO Evaluating test data.
2026-09-22 23:11:23,625 P193 INFO Finish inference. [18.17s]
2026-09-22 23:11:27,981 P193 INFO Calculating acc sum.
2026-09-22 23:11:28,030 P193 INFO Finish generating store_df.
2026-09-22 23:11:28,124 P193 INFO {'f1': '0.165', 'rc': '1.000', 'pc': '0.090', 'top1-acc': '0.970'}
2026-09-22 23:11:28,141 P193 INFO {'f1': '0.212', 'rc': '0.909', 'pc': '0.120', 'top2-acc': '0.970'}
2026-09-22 23:11:28,158 P193 INFO {'f1': '0.325', 'rc': '0.745', 'pc': '0.208', 'top3-acc': '0.970'}
2026-09-22 23:11:28,173 P193 INFO {'f1': '0.780', 'rc': '0.714', 'pc': '0.860', 'top4-acc': '0.970'}
2026-09-22 23:11:28,189 P193 INFO {'f1': '0.808', 'rc': '0.704', 'pc': '0.947', 'top5-acc': '0.970'}
2026-09-22 23:11:28,204 P193 INFO {'f1': '0.804', 'rc': '0.684', 'pc': '0.976', 'top6-acc': '0.970'}
2026-09-22 23:11:28,219 P193 INFO {'f1': '0.781', 'rc': '0.644', 'pc': '0.991', 'top7-acc': '0.970'}
2026-09-22 23:11:28,236 P193 INFO {'f1': '0.735', 'rc': '0.583', 'pc': '0.993', 'top8-acc': '0.970'}
2026-09-22 23:11:28,252 P193 INFO {'f1': '0.716', 'rc': '0.560', 'pc': '0.994', 'top9-acc': '0.970'}
2026-09-22 23:11:28,267 P193 INFO {'f1': '0.697', 'rc': '0.535', 'pc': '0.996', 'top10-acc': '0.970'}
2026-09-22 23:11:28,267 P193 INFO Finish counting [3.36s]
2026-09-22 23:13:48,971 P193 INFO Epoch 3/100, training loss: 0.17299 [140.60s]
2026-09-22 23:13:48,976 P193 INFO Evaluating test data.
2026-09-22 23:14:04,575 P193 INFO Finish inference. [15.60s]
2026-09-22 23:14:08,699 P193 INFO Calculating acc sum.
2026-09-22 23:14:08,748 P193 INFO Finish generating store_df.
2026-09-22 23:14:08,847 P193 INFO {'f1': '0.151', 'rc': '0.999', 'pc': '0.081', 'top1-acc': '0.970'}
2026-09-22 23:14:08,866 P193 INFO {'f1': '0.224', 'rc': '0.986', 'pc': '0.126', 'top2-acc': '0.970'}
2026-09-22 23:14:08,883 P193 INFO {'f1': '0.396', 'rc': '0.946', 'pc': '0.250', 'top3-acc': '0.970'}
2026-09-22 23:14:08,900 P193 INFO {'f1': '0.902', 'rc': '0.920', 'pc': '0.885', 'top4-acc': '0.970'}
2026-09-22 23:14:08,916 P193 INFO {'f1': '0.852', 'rc': '0.768', 'pc': '0.956', 'top5-acc': '0.970'}
2026-09-22 23:14:08,932 P193 INFO {'f1': '0.803', 'rc': '0.680', 'pc': '0.981', 'top6-acc': '0.970'}
2026-09-22 23:14:08,948 P193 INFO {'f1': '0.718', 'rc': '0.562', 'pc': '0.993', 'top7-acc': '0.970'}
2026-09-22 23:14:08,965 P193 INFO {'f1': '0.678', 'rc': '0.515', 'pc': '0.993', 'top8-acc': '0.970'}
2026-09-22 23:14:08,982 P193 INFO {'f1': '0.630', 'rc': '0.461', 'pc': '0.994', 'top9-acc': '0.970'}
2026-09-22 23:14:08,998 P193 INFO {'f1': '0.584', 'rc': '0.413', 'pc': '0.994', 'top10-acc': '0.970'}
2026-09-22 23:14:08,998 P193 INFO Finish counting [3.25s]
2026-09-22 23:14:09,101 P193 INFO Saving model to ./experiment_records/24cc32be/model.ckpt
2026-09-22 23:16:16,552 P193 INFO Epoch 4/100, training loss: 0.17240 [127.44s]
2026-09-22 23:16:16,556 P193 INFO Evaluating test data.
2026-09-22 23:16:34,704 P193 INFO Finish inference. [18.15s]
2026-09-22 23:16:39,093 P193 INFO Calculating acc sum.
2026-09-22 23:16:39,145 P193 INFO Finish generating store_df.
2026-09-22 23:16:39,246 P193 INFO {'f1': '0.166', 'rc': '1.000', 'pc': '0.090', 'top1-acc': '0.970'}
2026-09-22 23:16:39,262 P193 INFO {'f1': '0.244', 'rc': '0.996', 'pc': '0.139', 'top2-acc': '0.970'}
2026-09-22 23:16:39,279 P193 INFO {'f1': '0.389', 'rc': '0.924', 'pc': '0.246', 'top3-acc': '0.970'}
2026-09-22 23:16:39,295 P193 INFO {'f1': '0.890', 'rc': '0.893', 'pc': '0.886', 'top4-acc': '0.970'}
2026-09-22 23:16:39,313 P193 INFO {'f1': '0.875', 'rc': '0.804', 'pc': '0.959', 'top5-acc': '0.970'}
2026-09-22 23:16:39,330 P193 INFO {'f1': '0.752', 'rc': '0.611', 'pc': '0.978', 'top6-acc': '0.970'}
2026-09-22 23:16:39,347 P193 INFO {'f1': '0.716', 'rc': '0.561', 'pc': '0.991', 'top7-acc': '0.970'}
2026-09-22 23:16:39,363 P193 INFO {'f1': '0.693', 'rc': '0.533', 'pc': '0.993', 'top8-acc': '0.970'}
2026-09-22 23:16:39,380 P193 INFO {'f1': '0.690', 'rc': '0.529', 'pc': '0.993', 'top9-acc': '0.970'}
2026-09-22 23:16:39,396 P193 INFO {'f1': '0.683', 'rc': '0.520', 'pc': '0.995', 'top10-acc': '0.970'}
2026-09-22 23:16:39,396 P193 INFO Finish counting [3.37s]
2026-09-22 23:19:06,754 P193 INFO Epoch 5/100, training loss: 0.17216 [147.25s]
2026-09-22 23:19:06,758 P193 INFO Evaluating test data.
2026-09-22 23:19:28,960 P193 INFO Finish inference. [22.20s]
2026-09-22 23:19:33,321 P193 INFO Calculating acc sum.
2026-09-22 23:19:33,365 P193 INFO Finish generating store_df.
2026-09-22 23:19:33,460 P193 INFO {'f1': '0.164', 'rc': '1.000', 'pc': '0.089', 'top1-acc': '0.970'}
2026-09-22 23:19:33,477 P193 INFO {'f1': '0.226', 'rc': '0.939', 'pc': '0.128', 'top2-acc': '0.970'}
2026-09-22 23:19:33,496 P193 INFO {'f1': '0.387', 'rc': '0.925', 'pc': '0.245', 'top3-acc': '0.970'}
2026-09-22 23:19:33,512 P193 INFO {'f1': '0.819', 'rc': '0.774', 'pc': '0.870', 'top4-acc': '0.970'}
2026-09-22 23:19:33,529 P193 INFO {'f1': '0.815', 'rc': '0.712', 'pc': '0.954', 'top5-acc': '0.970'}
2026-09-22 23:19:33,545 P193 INFO {'f1': '0.777', 'rc': '0.647', 'pc': '0.972', 'top6-acc': '0.970'}
2026-09-22 23:19:33,561 P193 INFO {'f1': '0.744', 'rc': '0.595', 'pc': '0.992', 'top7-acc': '0.970'}
2026-09-22 23:19:33,577 P193 INFO {'f1': '0.675', 'rc': '0.511', 'pc': '0.994', 'top8-acc': '0.970'}
2026-09-22 23:19:33,593 P193 INFO {'f1': '0.667', 'rc': '0.502', 'pc': '0.997', 'top9-acc': '0.970'}
2026-09-22 23:19:33,609 P193 INFO {'f1': '0.661', 'rc': '0.494', 'pc': '0.998', 'top10-acc': '0.970'}
2026-09-22 23:19:33,609 P193 INFO Finish counting [3.32s]
2026-09-22 23:22:07,001 P193 INFO Epoch 6/100, training loss: 0.17217 [153.29s]
2026-09-22 23:22:07,001 P193 INFO Evaluating test data.
2026-09-22 23:22:25,511 P193 INFO Finish inference. [18.51s]
2026-09-22 23:22:29,797 P193 INFO Calculating acc sum.
2026-09-22 23:22:29,842 P193 INFO Finish generating store_df.
2026-09-22 23:22:29,940 P193 INFO {'f1': '0.150', 'rc': '1.000', 'pc': '0.081', 'top1-acc': '0.970'}
2026-09-22 23:22:29,958 P193 INFO {'f1': '0.243', 'rc': '0.997', 'pc': '0.139', 'top2-acc': '0.970'}
2026-09-22 23:22:29,974 P193 INFO {'f1': '0.412', 'rc': '0.977', 'pc': '0.261', 'top3-acc': '0.970'}
2026-09-22 23:22:29,990 P193 INFO {'f1': '0.921', 'rc': '0.952', 'pc': '0.893', 'top4-acc': '0.970'}
2026-09-22 23:22:30,005 P193 INFO {'f1': '0.903', 'rc': '0.851', 'pc': '0.962', 'top5-acc': '0.970'}
2026-09-22 23:22:30,020 P193 INFO {'f1': '0.826', 'rc': '0.714', 'pc': '0.981', 'top6-acc': '0.970'}
2026-09-22 23:22:30,036 P193 INFO {'f1': '0.717', 'rc': '0.562', 'pc': '0.990', 'top7-acc': '0.970'}
2026-09-22 23:22:30,051 P193 INFO {'f1': '0.676', 'rc': '0.513', 'pc': '0.991', 'top8-acc': '0.970'}
2026-09-22 23:22:30,067 P193 INFO {'f1': '0.665', 'rc': '0.500', 'pc': '0.994', 'top9-acc': '0.970'}
2026-09-22 23:22:30,084 P193 INFO {'f1': '0.655', 'rc': '0.488', 'pc': '0.995', 'top10-acc': '0.970'}
2026-09-22 23:22:30,084 P193 INFO Finish counting [3.30s]
2026-09-22 23:22:30,188 P193 INFO Saving model to ./experiment_records/24cc32be/model.ckpt
2026-09-22 23:25:03,407 P193 INFO Epoch 7/100, training loss: 0.17192 [153.21s]
2026-09-22 23:25:03,411 P193 INFO Evaluating test data.
2026-09-22 23:25:20,534 P193 INFO Finish inference. [17.12s]
2026-09-22 23:25:24,792 P193 INFO Calculating acc sum.
2026-09-22 23:25:24,842 P193 INFO Finish generating store_df.
2026-09-22 23:25:24,949 P193 INFO {'f1': '0.166', 'rc': '1.000', 'pc': '0.090', 'top1-acc': '0.970'}
2026-09-22 23:25:24,967 P193 INFO {'f1': '0.238', 'rc': '0.985', 'pc': '0.135', 'top2-acc': '0.970'}
2026-09-22 23:25:24,984 P193 INFO {'f1': '0.367', 'rc': '0.847', 'pc': '0.234', 'top3-acc': '0.970'}
2026-09-22 23:25:25,000 P193 INFO {'f1': '0.833', 'rc': '0.793', 'pc': '0.876', 'top4-acc': '0.970'}
2026-09-22 23:25:25,016 P193 INFO {'f1': '0.808', 'rc': '0.699', 'pc': '0.957', 'top5-acc': '0.970'}
2026-09-22 23:25:25,032 P193 INFO {'f1': '0.725', 'rc': '0.575', 'pc': '0.979', 'top6-acc': '0.970'}
2026-09-22 23:25:25,048 P193 INFO {'f1': '0.683', 'rc': '0.522', 'pc': '0.991', 'top7-acc': '0.970'}
2026-09-22 23:25:25,064 P193 INFO {'f1': '0.677', 'rc': '0.513', 'pc': '0.994', 'top8-acc': '0.970'}
2026-09-22 23:25:25,080 P193 INFO {'f1': '0.667', 'rc': '0.501', 'pc': '0.995', 'top9-acc': '0.970'}
2026-09-22 23:25:25,096 P193 INFO {'f1': '0.660', 'rc': '0.493', 'pc': '0.998', 'top10-acc': '0.970'}
2026-09-22 23:25:25,096 P193 INFO Finish counting [3.33s]
2026-09-22 23:27:38,109 P193 INFO Epoch 8/100, training loss: 0.17212 [132.92s]
2026-09-22 23:27:38,114 P193 INFO Evaluating test data.
2026-09-22 23:27:52,557 P193 INFO Finish inference. [14.44s]
2026-09-22 23:27:56,549 P193 INFO Calculating acc sum.
2026-09-22 23:27:56,598 P193 INFO Finish generating store_df.
2026-09-22 23:27:56,717 P193 INFO {'f1': '0.165', 'rc': '0.998', 'pc': '0.090', 'top1-acc': '0.970'}
2026-09-22 23:27:56,737 P193 INFO {'f1': '0.234', 'rc': '0.977', 'pc': '0.133', 'top2-acc': '0.970'}
2026-09-22 23:27:56,754 P193 INFO {'f1': '0.401', 'rc': '0.948', 'pc': '0.254', 'top3-acc': '0.970'}
2026-09-22 23:27:56,771 P193 INFO {'f1': '0.831', 'rc': '0.790', 'pc': '0.877', 'top4-acc': '0.970'}
2026-09-22 23:27:56,787 P193 INFO {'f1': '0.770', 'rc': '0.647', 'pc': '0.949', 'top5-acc': '0.970'}
2026-09-22 23:27:56,803 P193 INFO {'f1': '0.758', 'rc': '0.619', 'pc': '0.978', 'top6-acc': '0.970'}
2026-09-22 23:27:56,819 P193 INFO {'f1': '0.718', 'rc': '0.563', 'pc': '0.989', 'top7-acc': '0.970'}
2026-09-22 23:27:56,836 P193 INFO {'f1': '0.704', 'rc': '0.545', 'pc': '0.994', 'top8-acc': '0.970'}
2026-09-22 23:27:56,852 P193 INFO {'f1': '0.689', 'rc': '0.527', 'pc': '0.995', 'top9-acc': '0.970'}
2026-09-22 23:27:56,868 P193 INFO {'f1': '0.682', 'rc': '0.519', 'pc': '0.995', 'top10-acc': '0.970'}
2026-09-22 23:27:56,868 P193 INFO Finish counting [3.23s]
2026-09-22 23:30:09,428 P193 INFO Epoch 9/100, training loss: 0.17187 [132.46s]
2026-09-22 23:30:09,433 P193 INFO Evaluating test data.
2026-09-22 23:30:25,631 P193 INFO Finish inference. [16.20s]
2026-09-22 23:30:29,664 P193 INFO Calculating acc sum.
2026-09-22 23:30:29,708 P193 INFO Finish generating store_df.
2026-09-22 23:30:29,804 P193 INFO {'f1': '0.166', 'rc': '1.000', 'pc': '0.090', 'top1-acc': '0.970'}
2026-09-22 23:30:29,821 P193 INFO {'f1': '0.245', 'rc': '0.991', 'pc': '0.140', 'top2-acc': '0.970'}
2026-09-22 23:30:29,837 P193 INFO {'f1': '0.382', 'rc': '0.902', 'pc': '0.242', 'top3-acc': '0.970'}
2026-09-22 23:30:29,852 P193 INFO {'f1': '0.841', 'rc': '0.803', 'pc': '0.882', 'top4-acc': '0.970'}
2026-09-22 23:30:29,867 P193 INFO {'f1': '0.776', 'rc': '0.653', 'pc': '0.955', 'top5-acc': '0.970'}
2026-09-22 23:30:29,882 P193 INFO {'f1': '0.726', 'rc': '0.577', 'pc': '0.979', 'top6-acc': '0.970'}
2026-09-22 23:30:29,897 P193 INFO {'f1': '0.693', 'rc': '0.533', 'pc': '0.991', 'top7-acc': '0.970'}
2026-09-22 23:30:29,912 P193 INFO {'f1': '0.672', 'rc': '0.508', 'pc': '0.994', 'top8-acc': '0.970'}
2026-09-22 23:30:29,928 P193 INFO {'f1': '0.668', 'rc': '0.502', 'pc': '0.996', 'top9-acc': '0.970'}
2026-09-22 23:30:29,943 P193 INFO {'f1': '0.659', 'rc': '0.492', 'pc': '0.997', 'top10-acc': '0.970'}
2026-09-22 23:30:29,943 P193 INFO Finish counting [3.22s]
2026-09-22 23:30:30,035 P193 INFO Early stop at epoch: 9
2026-09-22 23:30:30,036 P193 INFO Loading model from ./experiment_records/24cc32be/model.ckpt
